Archive member included because of file (symbol)

/home/jachu/elektronika/STM32/gcc-arm-none-eabi-4_6-2012q4/bin/../lib/gcc/arm-none-eabi/4.6.2/armv7-m/libgcc.a(_arm_addsubsf3.o)
                              ./src/adc.o (__aeabi_fsub)
/home/jachu/elektronika/STM32/gcc-arm-none-eabi-4_6-2012q4/bin/../lib/gcc/arm-none-eabi/4.6.2/armv7-m/libgcc.a(_arm_muldivsf3.o)
                              ./src/adc.o (__aeabi_fmul)
/home/jachu/elektronika/STM32/gcc-arm-none-eabi-4_6-2012q4/bin/../lib/gcc/arm-none-eabi/4.6.2/armv7-m/libgcc.a(_arm_cmpsf2.o)
                              ./src/motor.o (__aeabi_fcmplt)
/home/jachu/elektronika/STM32/gcc-arm-none-eabi-4_6-2012q4/bin/../lib/gcc/arm-none-eabi/4.6.2/armv7-m/libgcc.a(_arm_fixsfsi.o)
                              ./src/motor.o (__aeabi_f2iz)
/home/jachu/elektronika/STM32/gcc-arm-none-eabi-4_6-2012q4/bin/../lib/gcc/arm-none-eabi/4.6.2/armv7-m/libgcc.a(_arm_fixunssfsi.o)
                              ./src/sys.o (__aeabi_f2uiz)
/home/jachu/elektronika/STM32/gcc-arm-none-eabi-4_6-2012q4/bin/../lib/gcc/arm-none-eabi/4.6.2/../../../../arm-none-eabi/lib/armv7-m/libg.a(lib_a-memcpy.o)
                              ./src/ctrl.o (memcpy)
/home/jachu/elektronika/STM32/gcc-arm-none-eabi-4_6-2012q4/bin/../lib/gcc/arm-none-eabi/4.6.2/../../../../arm-none-eabi/lib/armv7-m/libg.a(lib_a-memset.o)
                              ./src/lcd.o (memset)
/home/jachu/elektronika/STM32/gcc-arm-none-eabi-4_6-2012q4/bin/../lib/gcc/arm-none-eabi/4.6.2/../../../../arm-none-eabi/lib/armv7-m/libg.a(lib_a-strcpy.o)
                              ./src/ctrl.o (strcpy)

Discarded input sections

 .text          0x00000000        0x0 ./src/adc.o
 .data          0x00000000        0x0 ./src/adc.o
 .bss           0x00000000        0x0 ./src/adc.o
 .text._Z7adcInitv
                0x00000000      0x208 ./src/adc.o
 .text._Z10adcCurMeasv
                0x00000000       0x18 ./src/adc.o
 .text._Z10adcEmfMeasv
                0x00000000       0x18 ./src/adc.o
 .text._Z16adcMotSupplyMeasv
                0x00000000       0x18 ./src/adc.o
 .text          0x00000000        0x0 ./src/buttons.o
 .data          0x00000000        0x0 ./src/buttons.o
 .bss           0x00000000        0x0 ./src/buttons.o
 .bss.isPushed  0x00000000        0x8 ./src/buttons.o
 .bss.isHeld    0x00000000        0x8 ./src/buttons.o
 .bss.cntPushed
                0x00000000        0x8 ./src/buttons.o
 .bss.wasHeld   0x00000000        0x8 ./src/buttons.o
 .text._Z11initButtonsv
                0x00000000       0x78 ./src/buttons.o
 .text          0x00000000        0x0 ./src/ctrl.o
 .data          0x00000000        0x0 ./src/ctrl.o
 .bss           0x00000000        0x0 ./src/ctrl.o
 .bss.ctrlBuffer
                0x00000000       0x80 ./src/ctrl.o
 .bss.dmaBuffer
                0x00000000       0x80 ./src/ctrl.o
 .bss.ctrlPos   0x00000000        0x1 ./src/ctrl.o
 .text._Z8ctrlInitv
                0x00000000      0x198 ./src/ctrl.o
 .text._Z9ctrlCheckv
                0x00000000       0x74 ./src/ctrl.o
 .text._Z16ctrlCheckAndExecv
                0x00000000      0x3a4 ./src/ctrl.o
 .text._Z12ctrlSendInfov
                0x00000000      0x154 ./src/ctrl.o
 .text._Z10appendInfoPcPKctf
                0x00000000       0x6c ./src/ctrl.o
 .text._Z8ctrlSendPct
                0x00000000       0x74 ./src/ctrl.o
 .rodata._ZL4iRpm
                0x00000000        0x8 ./src/ctrl.o
 .rodata._ZL4iCte
                0x00000000        0x8 ./src/ctrl.o
 .rodata._ZL4iCur
                0x00000000        0x8 ./src/ctrl.o
 .rodata._ZL5iMotV
                0x00000000        0x8 ./src/ctrl.o
 .rodata._ZL2mV
                0x00000000        0x4 ./src/ctrl.o
 .rodata._ZL2mP
                0x00000000        0x4 ./src/ctrl.o
 .rodata._ZL2mR
                0x00000000        0x4 ./src/ctrl.o
 .rodata._ZL7cStartV
                0x00000000        0xc ./src/ctrl.o
 .rodata._ZL7cStartP
                0x00000000        0xc ./src/ctrl.o
 .rodata._ZL5cStop
                0x00000000        0x8 ./src/ctrl.o
 .rodata._ZL9cShutdown
                0x00000000        0xc ./src/ctrl.o
 .text          0x00000000        0x0 ./src/lcd.o
 .data          0x00000000        0x0 ./src/lcd.o
 .bss           0x00000000        0x0 ./src/lcd.o
 .text._Z11LcdContrasth
                0x00000000       0x3c ./src/lcd.o
 .text._Z8LcdPixelhh12LcdPixelMode
                0x00000000      0x128 ./src/lcd.o
 .text._Z7LcdLinehhhh12LcdPixelMode
                0x00000000      0x174 ./src/lcd.o
 .text._Z12LcdSingleBarhhhh12LcdPixelMode
                0x00000000       0xa8 ./src/lcd.o
 .text._Z7LcdBarsPhhhh
                0x00000000       0x98 ./src/lcd.o
 .text._Z7LcdRecthhhh12LcdPixelMode
                0x00000000       0xa8 ./src/lcd.o
 .text._Z8LcdImagePKh
                0x00000000       0x48 ./src/lcd.o
 .text._Z5Delayv
                0x00000000       0x38 ./src/lcd.o
 .text          0x00000000        0x0 ./src/led.o
 .data          0x00000000        0x0 ./src/led.o
 .bss           0x00000000        0x0 ./src/led.o
 .text._Z6ledSett
                0x00000000       0x24 ./src/led.o
 .text._Z8ledResett
                0x00000000       0x24 ./src/led.o
 .text          0x00000000        0x0 ./src/main.o
 .data          0x00000000        0x0 ./src/main.o
 .bss           0x00000000        0x0 ./src/main.o
 .text._Z5delayi
                0x00000000       0x2c ./src/main.o
 .rodata._ZL10FontLookup
                0x00000000      0x1c8 ./src/main.o
 .text          0x00000000        0x0 ./src/menu.o
 .data          0x00000000        0x0 ./src/menu.o
 .bss           0x00000000        0x0 ./src/menu.o
 .text._Z8testFuncv
                0x00000000        0xc ./src/menu.o
 .data.testsLevel
                0x00000000       0x3c ./src/menu.o
 .data.mainLevel
                0x00000000       0x28 ./src/menu.o
 .data.mainLevelSize
                0x00000000        0x1 ./src/menu.o
 .text._Z12numEntryRowsh
                0x00000000       0x3c ./src/menu.o
 .text._Z15markActiveEntryhh
                0x00000000       0x4c ./src/menu.o
 .text._Z10redrawMenuP9menuentryhhh
                0x00000000      0x17c ./src/menu.o
 .text._Z11displayMenuP9menuentryh
                0x00000000       0x18 ./src/menu.o
 .rodata._ZL10FontLookup
                0x00000000      0x1c8 ./src/menu.o
 .rodata._ZL10mainLevel1
                0x00000000        0x8 ./src/menu.o
 .rodata._ZL10mainLevel2
                0x00000000        0x8 ./src/menu.o
 .rodata._ZL10testsMenu1
                0x00000000        0x8 ./src/menu.o
 .rodata._ZL10testsMenu2
                0x00000000       0x10 ./src/menu.o
 .rodata._ZL10testsMenu3
                0x00000000        0x8 ./src/menu.o
 .data          0x00000000        0x0 ./src/misc.o
 .bss           0x00000000        0x0 ./src/misc.o
 .text          0x00000000        0x0 ./src/motor.o
 .data          0x00000000        0x0 ./src/motor.o
 .bss           0x00000000        0x0 ./src/motor.o
 .text._Z11motorRunPos5Motor
                0x00000000       0x14 ./src/motor.o
 .text._Z9motorStop5Motor
                0x00000000       0x28 ./src/motor.o
 .text._Z13motorShutdown5Motor
                0x00000000       0xd4 ./src/motor.o
 .text._Z11motorSetPosf5Motor
                0x00000000       0x28 ./src/motor.o
 .text._Z11motorSetPidfff
                0x00000000       0x3c ./src/motor.o
 .text._Z12motorReadVel5Motor
                0x00000000       0x2c ./src/motor.o
 .text._Z13motorReadDist5Motor
                0x00000000       0x1c ./src/motor.o
 .text._Z14motorResetDist5Motor
                0x00000000       0x14 ./src/motor.o
 .text          0x00000000       0x14 ./src/startup_stm32f10x_md.o
 .data          0x00000000        0x0 ./src/startup_stm32f10x_md.o
 .bss           0x00000000        0x0 ./src/startup_stm32f10x_md.o
 .data          0x00000000        0x0 ./src/stm32f10x_adc.o
 .bss           0x00000000        0x0 ./src/stm32f10x_adc.o
 .data          0x00000000        0x0 ./src/stm32f10x_dma.o
 .bss           0x00000000        0x0 ./src/stm32f10x_dma.o
 .data          0x00000000        0x0 ./src/stm32f10x_gpio.o
 .bss           0x00000000        0x0 ./src/stm32f10x_gpio.o
 .bss           0x00000000        0x0 ./src/stm32f10x_rcc.o
 .data          0x00000000        0x0 ./src/stm32f10x_spi.o
 .bss           0x00000000        0x0 ./src/stm32f10x_spi.o
 .data          0x00000000        0x0 ./src/stm32f10x_tim.o
 .bss           0x00000000        0x0 ./src/stm32f10x_tim.o
 .text          0x00000000      0x9b8 ./src/stm32f10x_usart.o
 .data          0x00000000        0x0 ./src/stm32f10x_usart.o
 .bss           0x00000000        0x0 ./src/stm32f10x_usart.o
 .group         0x00000000        0x8 ./src/sys.o
 .text          0x00000000        0x0 ./src/sys.o
 .data          0x00000000        0x0 ./src/sys.o
 .bss           0x00000000        0x0 ./src/sys.o
 .text._Z3minii
                0x00000000       0x24 ./src/sys.o
 .text._Z13sysDelayMsRetj
                0x00000000       0x20 ./src/sys.o
 .text._Z13sysIfDelayExpv
                0x00000000       0x20 ./src/sys.o
 .text._Z4ftoafPchh
                0x00000000      0x128 ./src/sys.o
 .text._Z4atofPfPc
                0x00000000      0x11c ./src/sys.o
 .text._Z5atouiPmPc
                0x00000000       0x84 ./src/sys.o
 .text._Z9strcmpLenPKcS0_t
                0x00000000       0x5c ./src/sys.o
 .rodata._ZL10FontLookup
                0x00000000      0x1c8 ./src/sys.o
 .bss           0x00000000        0x0 ./src/system_stm32f10x.o
 .data          0x00000000        0x0 /home/jachu/elektronika/STM32/gcc-arm-none-eabi-4_6-2012q4/bin/../lib/gcc/arm-none-eabi/4.6.2/armv7-m/libgcc.a(_arm_addsubsf3.o)
 .bss           0x00000000        0x0 /home/jachu/elektronika/STM32/gcc-arm-none-eabi-4_6-2012q4/bin/../lib/gcc/arm-none-eabi/4.6.2/armv7-m/libgcc.a(_arm_addsubsf3.o)
 .data          0x00000000        0x0 /home/jachu/elektronika/STM32/gcc-arm-none-eabi-4_6-2012q4/bin/../lib/gcc/arm-none-eabi/4.6.2/armv7-m/libgcc.a(_arm_muldivsf3.o)
 .bss           0x00000000        0x0 /home/jachu/elektronika/STM32/gcc-arm-none-eabi-4_6-2012q4/bin/../lib/gcc/arm-none-eabi/4.6.2/armv7-m/libgcc.a(_arm_muldivsf3.o)
 .data          0x00000000        0x0 /home/jachu/elektronika/STM32/gcc-arm-none-eabi-4_6-2012q4/bin/../lib/gcc/arm-none-eabi/4.6.2/armv7-m/libgcc.a(_arm_cmpsf2.o)
 .bss           0x00000000        0x0 /home/jachu/elektronika/STM32/gcc-arm-none-eabi-4_6-2012q4/bin/../lib/gcc/arm-none-eabi/4.6.2/armv7-m/libgcc.a(_arm_cmpsf2.o)
 .data          0x00000000        0x0 /home/jachu/elektronika/STM32/gcc-arm-none-eabi-4_6-2012q4/bin/../lib/gcc/arm-none-eabi/4.6.2/armv7-m/libgcc.a(_arm_fixsfsi.o)
 .bss           0x00000000        0x0 /home/jachu/elektronika/STM32/gcc-arm-none-eabi-4_6-2012q4/bin/../lib/gcc/arm-none-eabi/4.6.2/armv7-m/libgcc.a(_arm_fixsfsi.o)
 .text          0x00000000       0x40 /home/jachu/elektronika/STM32/gcc-arm-none-eabi-4_6-2012q4/bin/../lib/gcc/arm-none-eabi/4.6.2/armv7-m/libgcc.a(_arm_fixunssfsi.o)
 .data          0x00000000        0x0 /home/jachu/elektronika/STM32/gcc-arm-none-eabi-4_6-2012q4/bin/../lib/gcc/arm-none-eabi/4.6.2/armv7-m/libgcc.a(_arm_fixunssfsi.o)
 .bss           0x00000000        0x0 /home/jachu/elektronika/STM32/gcc-arm-none-eabi-4_6-2012q4/bin/../lib/gcc/arm-none-eabi/4.6.2/armv7-m/libgcc.a(_arm_fixunssfsi.o)
 .text          0x00000000        0x0 /home/jachu/elektronika/STM32/gcc-arm-none-eabi-4_6-2012q4/bin/../lib/gcc/arm-none-eabi/4.6.2/../../../../arm-none-eabi/lib/armv7-m/libg.a(lib_a-memcpy.o)
 .data          0x00000000        0x0 /home/jachu/elektronika/STM32/gcc-arm-none-eabi-4_6-2012q4/bin/../lib/gcc/arm-none-eabi/4.6.2/../../../../arm-none-eabi/lib/armv7-m/libg.a(lib_a-memcpy.o)
 .bss           0x00000000        0x0 /home/jachu/elektronika/STM32/gcc-arm-none-eabi-4_6-2012q4/bin/../lib/gcc/arm-none-eabi/4.6.2/../../../../arm-none-eabi/lib/armv7-m/libg.a(lib_a-memcpy.o)
 .text.memcpy   0x00000000       0x84 /home/jachu/elektronika/STM32/gcc-arm-none-eabi-4_6-2012q4/bin/../lib/gcc/arm-none-eabi/4.6.2/../../../../arm-none-eabi/lib/armv7-m/libg.a(lib_a-memcpy.o)
 .text          0x00000000        0x0 /home/jachu/elektronika/STM32/gcc-arm-none-eabi-4_6-2012q4/bin/../lib/gcc/arm-none-eabi/4.6.2/../../../../arm-none-eabi/lib/armv7-m/libg.a(lib_a-memset.o)
 .data          0x00000000        0x0 /home/jachu/elektronika/STM32/gcc-arm-none-eabi-4_6-2012q4/bin/../lib/gcc/arm-none-eabi/4.6.2/../../../../arm-none-eabi/lib/armv7-m/libg.a(lib_a-memset.o)
 .bss           0x00000000        0x0 /home/jachu/elektronika/STM32/gcc-arm-none-eabi-4_6-2012q4/bin/../lib/gcc/arm-none-eabi/4.6.2/../../../../arm-none-eabi/lib/armv7-m/libg.a(lib_a-memset.o)
 .text          0x00000000        0x0 /home/jachu/elektronika/STM32/gcc-arm-none-eabi-4_6-2012q4/bin/../lib/gcc/arm-none-eabi/4.6.2/../../../../arm-none-eabi/lib/armv7-m/libg.a(lib_a-strcpy.o)
 .data          0x00000000        0x0 /home/jachu/elektronika/STM32/gcc-arm-none-eabi-4_6-2012q4/bin/../lib/gcc/arm-none-eabi/4.6.2/../../../../arm-none-eabi/lib/armv7-m/libg.a(lib_a-strcpy.o)
 .bss           0x00000000        0x0 /home/jachu/elektronika/STM32/gcc-arm-none-eabi-4_6-2012q4/bin/../lib/gcc/arm-none-eabi/4.6.2/../../../../arm-none-eabi/lib/armv7-m/libg.a(lib_a-strcpy.o)
 .text.strcpy   0x00000000       0xbc /home/jachu/elektronika/STM32/gcc-arm-none-eabi-4_6-2012q4/bin/../lib/gcc/arm-none-eabi/4.6.2/../../../../arm-none-eabi/lib/armv7-m/libg.a(lib_a-strcpy.o)

Memory Configuration

Name             Origin             Length             Attributes
RAM              0x20000000         0x00005000         xrw
FLASH            0x08000000         0x00020000         xr
FLASHB1          0x00000000         0x00000000         xr
EXTMEMB0         0x00000000         0x00000000         xr
EXTMEMB1         0x00000000         0x00000000         xr
EXTMEMB2         0x00000000         0x00000000         xr
EXTMEMB3         0x00000000         0x00000000         xr
*default*        0x00000000         0xffffffff

Linker script and memory map

LOAD ./src/adc.o
LOAD ./src/buttons.o
LOAD ./src/ctrl.o
LOAD ./src/lcd.o
LOAD ./src/led.o
LOAD ./src/main.o
LOAD ./src/menu.o
LOAD ./src/misc.o
LOAD ./src/motor.o
LOAD ./src/startup_stm32f10x_md.o
LOAD ./src/stm32f10x_adc.o
LOAD ./src/stm32f10x_dma.o
LOAD ./src/stm32f10x_gpio.o
LOAD ./src/stm32f10x_rcc.o
LOAD ./src/stm32f10x_spi.o
LOAD ./src/stm32f10x_tim.o
LOAD ./src/stm32f10x_usart.o
LOAD ./src/sys.o
LOAD ./src/system_stm32f10x.o
LOAD /home/jachu/elektronika/STM32/gcc-arm-none-eabi-4_6-2012q4/bin/../lib/gcc/arm-none-eabi/4.6.2/../../../../arm-none-eabi/lib/armv7-m/libstdc++.a
LOAD /home/jachu/elektronika/STM32/gcc-arm-none-eabi-4_6-2012q4/bin/../lib/gcc/arm-none-eabi/4.6.2/../../../../arm-none-eabi/lib/armv7-m/libm.a
START GROUP
LOAD /home/jachu/elektronika/STM32/gcc-arm-none-eabi-4_6-2012q4/bin/../lib/gcc/arm-none-eabi/4.6.2/armv7-m/libgcc.a
LOAD /home/jachu/elektronika/STM32/gcc-arm-none-eabi-4_6-2012q4/bin/../lib/gcc/arm-none-eabi/4.6.2/../../../../arm-none-eabi/lib/armv7-m/libg.a
LOAD /home/jachu/elektronika/STM32/gcc-arm-none-eabi-4_6-2012q4/bin/../lib/gcc/arm-none-eabi/4.6.2/../../../../arm-none-eabi/lib/armv7-m/libc.a
END GROUP
                0x00000400                __Stack_Size = 0x400
                0x00000400                PROVIDE (_Stack_Size, __Stack_Size)
                0x20004c00                __Stack_Init = (_estack - __Stack_Size)
                0x20004c00                PROVIDE (_Stack_Init, __Stack_Init)
                0x00000100                _Minimum_Stack_Size = 0x100
                0x20005000                _estack = 0x20005000

.isr_vector     0x08000000      0x10c
                0x08000000                . = ALIGN (0x4)
 *(.isr_vector)
 .isr_vector    0x08000000      0x10c ./src/startup_stm32f10x_md.o
                0x08000000                g_pfnVectors
                0x0800010c                . = ALIGN (0x4)

.flashtext      0x0800010c        0x0
                0x0800010c                . = ALIGN (0x4)
 *(.flashtext)
                0x0800010c                . = ALIGN (0x4)

.text           0x0800010c     0x6ffc
                0x0800010c                . = ALIGN (0x4)
 *(.text)
 .text          0x0800010c      0x1e0 ./src/misc.o
                0x0800010c                NVIC_PriorityGroupConfig
                0x08000134                NVIC_Init
                0x0800021c                NVIC_SetVectorTable
                0x08000248                NVIC_SystemLPConfig
                0x080002a0                SysTick_CLKSourceConfig
 .text          0x080002ec      0xb28 ./src/stm32f10x_adc.o
                0x080002ec                ADC_DeInit
                0x08000374                ADC_Init
                0x08000424                ADC_StructInit
                0x08000468                ADC_Cmd
                0x080004a0                ADC_DMACmd
                0x080004d8                ADC_ITConfig
                0x08000524                ADC_ResetCalibration
                0x08000544                ADC_GetResetCalibrationStatus
                0x0800057c                ADC_StartCalibration
                0x0800059c                ADC_GetCalibrationStatus
                0x080005d4                ADC_SoftwareStartConvCmd
                0x0800060c                ADC_GetSoftwareStartConvStatus
                0x08000644                ADC_DiscModeChannelCountConfig
                0x08000690                ADC_DiscModeCmd
                0x080006c8                ADC_RegularChannelConfig
                0x08000884                ADC_ExternalTrigConvCmd
                0x080008bc                ADC_GetConversionValue
                0x080008d8                ADC_GetDualModeConversionValue
                0x080008f0                ADC_AutoInjectedConvCmd
                0x08000928                ADC_InjectedDiscModeCmd
                0x08000960                ADC_ExternalTrigInjectedConvConfig
                0x08000998                ADC_ExternalTrigInjectedConvCmd
                0x080009d0                ADC_SoftwareStartInjectedConvCmd
                0x08000a08                ADC_GetSoftwareStartInjectedConvCmdStatus
                0x08000a40                ADC_InjectedChannelConfig
                0x08000b84                ADC_InjectedSequencerLengthConfig
                0x08000bd0                ADC_SetInjectedOffset
                0x08000c04                ADC_GetInjectedConversionValue
                0x08000c38                ADC_AnalogWatchdogCmd
                0x08000c74                ADC_AnalogWatchdogThresholdsConfig
                0x08000c9c                ADC_AnalogWatchdogSingleChannelConfig
                0x08000cd4                ADC_TempSensorVrefintCmd
                0x08000d20                ADC_GetFlagStatus
                0x08000d5c                ADC_ClearFlag
                0x08000d7c                ADC_GetITStatus
                0x08000de4                ADC_ClearITPendingBit
 .text          0x08000e14      0x4f0 ./src/stm32f10x_dma.o
                0x08000e14                DMA_DeInit
                0x08001034                DMA_Init
                0x080010b4                DMA_StructInit
                0x08001120                DMA_Cmd
                0x0800115c                DMA_ITConfig
                0x0800119c                DMA_SetCurrDataCounter
                0x080011b8                DMA_GetCurrDataCounter
                0x080011d4                DMA_GetFlagStatus
                0x08001234                DMA_ClearFlag
                0x0800126c                DMA_GetITStatus
                0x080012cc                DMA_ClearITPendingBit
 .text          0x08001304      0x704 ./src/stm32f10x_gpio.o
                0x08001304                GPIO_DeInit
                0x0800142c                GPIO_AFIODeInit
                0x0800144c                GPIO_Init
                0x080015fc                GPIO_StructInit
                0x08001628                GPIO_ReadInputDataBit
                0x08001664                GPIO_ReadInputData
                0x08001680                GPIO_ReadOutputDataBit
                0x080016bc                GPIO_ReadOutputData
                0x080016d8                GPIO_SetBits
                0x080016f4                GPIO_ResetBits
                0x08001710                GPIO_WriteBit
                0x08001740                GPIO_Write
                0x0800175c                GPIO_PinLockConfig
                0x080017a0                GPIO_EventOutputConfig
                0x080017f4                GPIO_EventOutputCmd
                0x08001814                GPIO_PinRemapConfig
                0x08001934                GPIO_EXTILineConfig
                0x080019e8                GPIO_ETH_MediaInterfaceConfig
 .text          0x08001a08      0xa08 ./src/stm32f10x_rcc.o
                0x08001a08                RCC_DeInit
                0x08001aa4                RCC_HSEConfig
                0x08001b2c                RCC_WaitForHSEStartUp
                0x08001b90                RCC_AdjustHSICalibrationValue
                0x08001bd8                RCC_HSICmd
                0x08001bf8                RCC_PLLConfig
                0x08001c40                RCC_PLLCmd
                0x08001c60                RCC_SYSCLKConfig
                0x08001ca0                RCC_GetSYSCLKSource
                0x08001cc0                RCC_HCLKConfig
                0x08001d00                RCC_PCLK1Config
                0x08001d40                RCC_PCLK2Config
                0x08001d84                RCC_ITConfig
                0x08001de4                RCC_USBCLKConfig
                0x08001e04                RCC_ADCCLKConfig
                0x08001e44                RCC_LSEConfig
                0x08001ea4                RCC_LSICmd
                0x08001ec4                RCC_RTCCLKConfig
                0x08001ef0                RCC_RTCCLKCmd
                0x08001f10                RCC_GetClocksFreq
                0x080020e4                RCC_AHBPeriphClockCmd
                0x0800213c                RCC_APB2PeriphClockCmd
                0x08002194                RCC_APB1PeriphClockCmd
                0x080021ec                RCC_APB2PeriphResetCmd
                0x08002244                RCC_APB1PeriphResetCmd
                0x0800229c                RCC_BackupResetCmd
                0x080022bc                RCC_ClockSecuritySystemCmd
                0x080022dc                RCC_MCOConfig
                0x080022fc                RCC_GetFlagStatus
                0x0800238c                RCC_ClearFlag
                0x080023b0                RCC_GetITStatus
                0x080023f0                RCC_ClearITPendingBit
 .text          0x08002410      0x788 ./src/stm32f10x_spi.o
                0x08002410                SPI_I2S_DeInit
                0x08002498                SPI_Init
                0x08002520                I2S_Init
                0x080026b8                SPI_StructInit
                0x08002714                I2S_StructInit
                0x08002758                SPI_Cmd
                0x08002798                I2S_Cmd
                0x080027d8                SPI_I2S_ITConfig
                0x08002844                SPI_I2S_DMACmd
                0x0800288c                SPI_I2S_SendData
                0x080028a8                SPI_I2S_ReceiveData
                0x080028c4                SPI_NSSInternalSoftwareConfig
                0x08002908                SPI_SSOutputCmd
                0x08002948                SPI_DataSizeConfig
                0x08002980                SPI_TransmitCRC
                0x080029a4                SPI_CalculateCRC
                0x080029e4                SPI_GetCRC
                0x08002a18                SPI_GetCRCPolynomial
                0x08002a34                SPI_BiDirectionalLineConfig
                0x08002a74                SPI_I2S_GetFlagStatus
                0x08002ab4                SPI_I2S_ClearFlag
                0x08002ad8                SPI_I2S_GetITStatus
                0x08002b60                SPI_I2S_ClearITPendingBit
 .text          0x08002b98     0x1fd0 ./src/stm32f10x_tim.o
                0x08002b98                TIM_DeInit
                0x08002e48                TIM_TimeBaseInit
                0x08002f64                TIM_OC1Init
                0x0800308c                TIM_OC2Init
                0x080031b4                TIM_OC3Init
                0x080032d4                TIM_OC4Init
                0x080033b4                TIM_ICInit
                0x0800345c                TIM_PWMIConfig
                0x08003520                TIM_BDTRConfig
                0x08003570                TIM_TimeBaseStructInit
                0x080035ac                TIM_OCStructInit
                0x08003600                TIM_ICStructInit
                0x0800363c                TIM_BDTRStructInit
                0x08003688                TIM_Cmd
                0x080036c8                TIM_CtrlPWMOutputs
                0x08003718                TIM_ITConfig
                0x08003760                TIM_GenerateEvent
                0x0800377c                TIM_DMAConfig
                0x080037a4                TIM_DMACmd
                0x080037ec                TIM_InternalClockConfig
                0x08003810                TIM_ITRxExternalClockConfig
                0x08003840                TIM_TIxExternalClockConfig
                0x08003898                TIM_ETRClockMode1Config
                0x080038ec                TIM_ETRClockMode2Config
                0x08003920                TIM_ETRConfig
                0x0800396c                TIM_PrescalerConfig
                0x08003994                TIM_CounterModeConfig
                0x080039cc                TIM_SelectInputTrigger
                0x08003a04                TIM_EncoderInterfaceConfig
                0x08003a98                TIM_ForcedOC1Config
                0x08003ad0                TIM_ForcedOC2Config
                0x08003b10                TIM_ForcedOC3Config
                0x08003b48                TIM_ForcedOC4Config
                0x08003b88                TIM_ARRPreloadConfig
                0x08003bc8                TIM_SelectCOM
                0x08003c08                TIM_SelectCCDMA
                0x08003c48                TIM_CCPreloadControl
                0x08003c88                TIM_OC1PreloadConfig
                0x08003cc0                TIM_OC2PreloadConfig
                0x08003d00                TIM_OC3PreloadConfig
                0x08003d38                TIM_OC4PreloadConfig
                0x08003d78                TIM_OC1FastConfig
                0x08003db0                TIM_OC2FastConfig
                0x08003df0                TIM_OC3FastConfig
                0x08003e28                TIM_OC4FastConfig
                0x08003e68                TIM_ClearOC1Ref
                0x08003ea0                TIM_ClearOC2Ref
                0x08003ee4                TIM_ClearOC3Ref
                0x08003f1c                TIM_ClearOC4Ref
                0x08003f60                TIM_OC1PolarityConfig
                0x08003f98                TIM_OC1NPolarityConfig
                0x08003fd0                TIM_OC2PolarityConfig
                0x08004010                TIM_OC2NPolarityConfig
                0x08004050                TIM_OC3PolarityConfig
                0x08004090                TIM_OC3NPolarityConfig
                0x080040d0                TIM_OC4PolarityConfig
                0x08004110                TIM_CCxCmd
                0x0800416c                TIM_CCxNCmd
                0x080041c8                TIM_SelectOCxM
                0x08004284                TIM_UpdateDisableConfig
                0x080042c4                TIM_UpdateRequestConfig
                0x08004304                TIM_SelectHallSensor
                0x08004344                TIM_SelectOnePulseMode
                0x0800437c                TIM_SelectOutputTrigger
                0x080043b4                TIM_SelectSlaveMode
                0x080043ec                TIM_SelectMasterSlaveMode
                0x08004424                TIM_SetCounter
                0x08004440                TIM_SetAutoreload
                0x0800445c                TIM_SetCompare1
                0x08004478                TIM_SetCompare2
                0x08004494                TIM_SetCompare3
                0x080044b0                TIM_SetCompare4
                0x080044d0                TIM_SetIC1Prescaler
                0x08004508                TIM_SetIC2Prescaler
                0x08004544                TIM_SetIC3Prescaler
                0x0800457c                TIM_SetIC4Prescaler
                0x080045b8                TIM_SetClockDivision
                0x080045f0                TIM_GetCapture1
                0x0800460c                TIM_GetCapture2
                0x08004628                TIM_GetCapture3
                0x08004644                TIM_GetCapture4
                0x08004660                TIM_GetCounter
                0x0800467c                TIM_GetPrescaler
                0x08004698                TIM_GetFlagStatus
                0x080046d8                TIM_ClearFlag
                0x080046fc                TIM_GetITStatus
                0x0800475c                TIM_ClearITPendingBit
 .text          0x08004b68      0x3a8 ./src/system_stm32f10x.o
                0x08004b68                SystemInit
                0x08004c14                SystemCoreClockUpdate
 .text          0x08004f10      0x21c /home/jachu/elektronika/STM32/gcc-arm-none-eabi-4_6-2012q4/bin/../lib/gcc/arm-none-eabi/4.6.2/armv7-m/libgcc.a(_arm_addsubsf3.o)
                0x08004f10                __aeabi_frsub
                0x08004f18                __subsf3
                0x08004f18                __aeabi_fsub
                0x08004f1c                __aeabi_fadd
                0x08004f1c                __addsf3
                0x0800507c                __aeabi_ui2f
                0x0800507c                __floatunsisf
                0x08005084                __aeabi_i2f
                0x08005084                __floatsisf
                0x080050a0                __floatundisf
                0x080050a0                __aeabi_ul2f
                0x080050b0                __floatdisf
                0x080050b0                __aeabi_l2f
 .text          0x0800512c      0x2a0 /home/jachu/elektronika/STM32/gcc-arm-none-eabi-4_6-2012q4/bin/../lib/gcc/arm-none-eabi/4.6.2/armv7-m/libgcc.a(_arm_muldivsf3.o)
                0x0800512c                __mulsf3
                0x0800512c                __aeabi_fmul
                0x08005294                __divsf3
                0x08005294                __aeabi_fdiv
 .text          0x080053cc       0xec /home/jachu/elektronika/STM32/gcc-arm-none-eabi-4_6-2012q4/bin/../lib/gcc/arm-none-eabi/4.6.2/armv7-m/libgcc.a(_arm_cmpsf2.o)
                0x080053cc                __gtsf2
                0x080053cc                __gesf2
                0x080053d4                __lesf2
                0x080053d4                __ltsf2
                0x080053dc                __nesf2
                0x080053dc                __eqsf2
                0x080053dc                __cmpsf2
                0x0800543c                __aeabi_cfrcmple
                0x08005444                __aeabi_cfcmple
                0x08005444                __aeabi_cfcmpeq
                0x08005454                __aeabi_fcmpeq
                0x08005468                __aeabi_fcmplt
                0x0800547c                __aeabi_fcmple
                0x08005490                __aeabi_fcmpge
                0x080054a4                __aeabi_fcmpgt
 .text          0x080054b8       0x4c /home/jachu/elektronika/STM32/gcc-arm-none-eabi-4_6-2012q4/bin/../lib/gcc/arm-none-eabi/4.6.2/armv7-m/libgcc.a(_arm_fixsfsi.o)
                0x080054b8                __fixsfsi
                0x080054b8                __aeabi_f2iz
 *(.text.*)
 .text.ADC1_2_IRQHandler
                0x08005504      0x154 ./src/adc.o
                0x08005504                ADC1_2_IRQHandler
 .text._Z7LcdInitv
                0x08005658      0x2b4 ./src/lcd.o
                0x08005658                _Z7LcdInitv
 .text._Z8LcdClearv
                0x0800590c       0x3c ./src/lcd.o
                0x0800590c                _Z8LcdClearv
 .text._Z13LcdGotoXYFonthh
                0x08005948       0x60 ./src/lcd.o
                0x08005948                _Z13LcdGotoXYFonthh
 .text._Z6LcdChr11LcdFontSizeh
                0x080059a8      0x34c ./src/lcd.o
                0x080059a8                _Z6LcdChr11LcdFontSizeh
 .text._Z6LcdStr11LcdFontSizePKh
                0x08005cf4       0x64 ./src/lcd.o
                0x08005cf4                _Z6LcdStr11LcdFontSizePKh
 .text._Z9LcdUpdatev
                0x08005d58       0x4c ./src/lcd.o
                0x08005d58                _Z9LcdUpdatev
 .text._Z7LcdSendh10LcdCmdData
                0x08005da4       0x98 ./src/lcd.o
                0x08005da4                _Z7LcdSendh10LcdCmdData
 .text._Z14LcdSendPageDMAv
                0x08005e3c       0x6c ./src/lcd.o
                0x08005e3c                _Z14LcdSendPageDMAv
 .text._Z10LcdSetPagei
                0x08005ea8       0x44 ./src/lcd.o
                0x08005ea8                _Z10LcdSetPagei
 .text.DMA1_Channel3_IRQHandler
                0x08005eec       0xa4 ./src/lcd.o
                0x08005eec                DMA1_Channel3_IRQHandler
 .text._Z7ledInitv
                0x08005f90       0x5c ./src/led.o
                0x08005f90                _Z7ledInitv
 .text._Z9ledTogglet
                0x08005fec       0x3c ./src/led.o
                0x08005fec                _Z9ledTogglet
 .text.main     0x08006028       0xd8 ./src/main.o
                0x08006028                main
 .text._Z9motorInitfffm
                0x08006100      0x4ac ./src/motor.o
                0x08006100                _Z9motorInitfffm
 .text._Z11motorRunVel5Motor
                0x080065ac       0x5c ./src/motor.o
                0x080065ac                _Z11motorRunVel5Motor
 .text._Z11motorSetVelf5Motor
                0x08006608       0x54 ./src/motor.o
                0x08006608                _Z11motorSetVelf5Motor
 .text._Z8motorPID5Motor
                0x0800665c      0x33c ./src/motor.o
                0x0800665c                _Z8motorPID5Motor
 .text._Z12motorReadEnc5Motor
                0x08006998       0x38 ./src/motor.o
                0x08006998                _Z12motorReadEnc5Motor
 .text._Z13motorEnableCC9Direction5Motor
                0x080069d0       0xf0 ./src/motor.o
                0x080069d0                _Z13motorEnableCC9Direction5Motor
 .text.TIM3_IRQHandler
                0x08006ac0       0x24 ./src/motor.o
                0x08006ac0                TIM3_IRQHandler
 .text.TIM4_IRQHandler
                0x08006ae4       0x24 ./src/motor.o
                0x08006ae4                TIM4_IRQHandler
 .text.Reset_Handler
                0x08006b08       0x44 ./src/startup_stm32f10x_md.o
                0x08006b08                Reset_Handler
 .text.Default_Handler
                0x08006b4c        0x2 ./src/startup_stm32f10x_md.o
                0x08006b4c                EXTI2_IRQHandler
                0x08006b4c                DebugMon_Handler
                0x08006b4c                TIM1_CC_IRQHandler
                0x08006b4c                HardFault_Handler
                0x08006b4c                PVD_IRQHandler
                0x08006b4c                PendSV_Handler
                0x08006b4c                NMI_Handler
                0x08006b4c                EXTI3_IRQHandler
                0x08006b4c                EXTI0_IRQHandler
                0x08006b4c                I2C2_EV_IRQHandler
                0x08006b4c                UsageFault_Handler
                0x08006b4c                SPI1_IRQHandler
                0x08006b4c                TAMPER_IRQHandler
                0x08006b4c                DMA1_Channel4_IRQHandler
                0x08006b4c                USART3_IRQHandler
                0x08006b4c                RTC_IRQHandler
                0x08006b4c                DMA1_Channel7_IRQHandler
                0x08006b4c                CAN1_RX1_IRQHandler
                0x08006b4c                I2C1_EV_IRQHandler
                0x08006b4c                DMA1_Channel6_IRQHandler
                0x08006b4c                RCC_IRQHandler
                0x08006b4c                TIM1_TRG_COM_IRQHandler
                0x08006b4c                DMA1_Channel1_IRQHandler
                0x08006b4c                Default_Handler
                0x08006b4c                EXTI15_10_IRQHandler
                0x08006b4c                EXTI9_5_IRQHandler
                0x08006b4c                SPI2_IRQHandler
                0x08006b4c                MemManage_Handler
                0x08006b4c                SVC_Handler
                0x08006b4c                DMA1_Channel5_IRQHandler
                0x08006b4c                EXTI4_IRQHandler
                0x08006b4c                USB_LP_CAN1_RX0_IRQHandler
                0x08006b4c                USB_HP_CAN1_TX_IRQHandler
                0x08006b4c                TIM1_UP_IRQHandler
                0x08006b4c                WWDG_IRQHandler
                0x08006b4c                TIM2_IRQHandler
                0x08006b4c                TIM1_BRK_IRQHandler
                0x08006b4c                EXTI1_IRQHandler
                0x08006b4c                RTCAlarm_IRQHandler
                0x08006b4c                USART2_IRQHandler
                0x08006b4c                I2C2_ER_IRQHandler
                0x08006b4c                DMA1_Channel2_IRQHandler
                0x08006b4c                CAN1_SCE_IRQHandler
                0x08006b4c                FLASH_IRQHandler
                0x08006b4c                BusFault_Handler
                0x08006b4c                USART1_IRQHandler
                0x08006b4c                I2C1_ER_IRQHandler
                0x08006b4c                USBWakeUp_IRQHandler
 *fill*         0x08006b4e        0x2 00
 .text.NVIC_SetPriority
                0x08006b50       0x5c ./src/sys.o
 .text.SysTick_Config
                0x08006bac       0x64 ./src/sys.o
 .text._Z7sysInitv
                0x08006c10       0x64 ./src/sys.o
                0x08006c10                _Z7sysInitv
 .text._Z10sysDelayMsj
                0x08006c74       0x38 ./src/sys.o
                0x08006c74                _Z10sysDelayMsj
 .text._Z5uitoamPch
                0x08006cac       0xdc ./src/sys.o
                0x08006cac                _Z5uitoamPch
 .text.SysTick_Handler
                0x08006d88      0x110 ./src/sys.o
                0x08006d88                SysTick_Handler
 .text.memset   0x08006e98       0x90 /home/jachu/elektronika/STM32/gcc-arm-none-eabi-4_6-2012q4/bin/../lib/gcc/arm-none-eabi/4.6.2/../../../../arm-none-eabi/lib/armv7-m/libg.a(lib_a-memset.o)
                0x08006e98                memset
 *(.rodata)
 .rodata        0x08006f28       0x18 ./src/main.o
 *(.rodata*)
 .rodata._ZL10FontLookup
                0x08006f40      0x1c8 ./src/lcd.o
 *(.glue_7)
 .glue_7        0x00000000        0x0 linker stubs
 *(.glue_7t)
 .glue_7t       0x00000000        0x0 linker stubs
                0x08007108                . = ALIGN (0x4)
                0x08007108                _etext = .
                0x08007108                _sidata = _etext

.vfp11_veneer   0x08007108        0x0
 .vfp11_veneer  0x00000000        0x0 linker stubs

.v4_bx          0x08007108        0x0
 .v4_bx         0x00000000        0x0 linker stubs

.data           0x20000000       0x2c load address 0x08007108
                0x20000000                . = ALIGN (0x4)
                0x20000000                _sdata = .
 *(.data)
 .data          0x20000000       0x14 ./src/stm32f10x_rcc.o
 .data          0x20000014       0x14 ./src/system_stm32f10x.o
                0x20000014                SystemCoreClock
                0x20000018                AHBPrescTable
 *(.data.*)
 .data.cpr      0x20000028        0x2 ./src/motor.o
                0x20000028                cpr
                0x2000002c                . = ALIGN (0x4)
 *fill*         0x2000002a        0x2 00
                0x2000002c                _edata = .

.bss            0x2000002c        0x0
                0x2000002c                . = ALIGN (0x4)
                0x2000002c                _sbss = .
 *(.bss)
 *(COMMON)
                0x2000002c                . = ALIGN (0x4)
                0x2000002c                _ebss = .
                0x2000002c                PROVIDE (end, _ebss)
                0x2000002c                PROVIDE (_end, _ebss)

.bss.adcBuffer  0x2000002c      0x320 load address 0x08007134
 .bss.adcBuffer
                0x2000002c      0x320 ./src/adc.o
                0x2000002c                adcBuffer

.bss.curMean    0x2000034c        0x4 load address 0x08007454
 .bss.curMean   0x2000034c        0x4 ./src/adc.o
                0x2000034c                curMean

.bss.emfMean    0x20000350        0x4 load address 0x08007458
 .bss.emfMean   0x20000350        0x4 ./src/adc.o
                0x20000350                emfMean

.bss.motVMean   0x20000354        0x4 load address 0x0800745c
 .bss.motVMean  0x20000354        0x4 ./src/adc.o
                0x20000354                motVMean

.bss.LcdCache   0x20000358      0x400 load address 0x08007460
 .bss.LcdCache  0x20000358      0x400 ./src/lcd.o
                0x20000358                LcdCache

.bss.LcdCacheIdx
                0x20000758        0x4 load address 0x08007860
 .bss.LcdCacheIdx
                0x20000758        0x4 ./src/lcd.o
                0x20000758                LcdCacheIdx

.bss.LoWaterMark
                0x2000075c        0x4 load address 0x08007864
 .bss.LoWaterMark
                0x2000075c        0x4 ./src/lcd.o
                0x2000075c                LoWaterMark

.bss.HiWaterMark
                0x20000760        0x4 load address 0x08007868
 .bss.HiWaterMark
                0x20000760        0x4 ./src/lcd.o
                0x20000760                HiWaterMark

.bss.UpdateLcd  0x20000764        0x1 load address 0x0800786c
 .bss.UpdateLcd
                0x20000764        0x1 ./src/lcd.o
                0x20000764                UpdateLcd

.bss.PageAddress
                0x20000765        0x1 load address 0x0800786d
 .bss.PageAddress
                0x20000765        0x1 ./src/lcd.o
                0x20000765                PageAddress

.bss.cte_int    0x20000768        0x8 load address 0x08007870
 .bss.cte_int   0x20000768        0x8 ./src/motor.o
                0x20000768                cte_int

.bss.cte_prev   0x20000770        0x8 load address 0x08007878
 .bss.cte_prev  0x20000770        0x8 ./src/motor.o
                0x20000770                cte_prev

.bss.motorKp    0x20000778        0x4 load address 0x08007880
 .bss.motorKp   0x20000778        0x4 ./src/motor.o
                0x20000778                motorKp

.bss.motorKi    0x2000077c        0x4 load address 0x08007884
 .bss.motorKi   0x2000077c        0x4 ./src/motor.o
                0x2000077c                motorKi

.bss.motorKd    0x20000780        0x4 load address 0x08007888
 .bss.motorKd   0x20000780        0x4 ./src/motor.o
                0x20000780                motorKd

.bss.motor_width
                0x20000784        0x8 load address 0x0800788c
 .bss.motor_width
                0x20000784        0x8 ./src/motor.o
                0x20000784                motor_width

.bss.prev_enc   0x2000078c        0x4 load address 0x08007894
 .bss.prev_enc  0x2000078c        0x4 ./src/motor.o
                0x2000078c                prev_enc

.bss.cur_speed  0x20000790        0x8 load address 0x08007898
 .bss.cur_speed
                0x20000790        0x8 ./src/motor.o
                0x20000790                cur_speed

.bss.cur_pos    0x20000798        0x8 load address 0x080078a0
 .bss.cur_pos   0x20000798        0x8 ./src/motor.o
                0x20000798                cur_pos

.bss.set_speed  0x200007a0        0x8 load address 0x080078a8
 .bss.set_speed
                0x200007a0        0x8 ./src/motor.o
                0x200007a0                set_speed

.bss.set_pos    0x200007a8        0x8 load address 0x080078b0
 .bss.set_pos   0x200007a8        0x8 ./src/motor.o
                0x200007a8                set_pos

.bss.motorUpdate
                0x200007b0        0x4 load address 0x080078b8
 .bss.motorUpdate
                0x200007b0        0x4 ./src/motor.o
                0x200007b0                motorUpdate

.bss.motorEnable
                0x200007b4        0x4 load address 0x080078bc
 .bss.motorEnable
                0x200007b4        0x4 ./src/motor.o
                0x200007b4                motorEnable

.bss.del        0x200007b8        0x4 load address 0x080078c0
 .bss.del       0x200007b8        0x4 ./src/sys.o
                0x200007b8                del

.bss.lcdEnable  0x200007bc        0x1 load address 0x080078c4
 .bss.lcdEnable
                0x200007bc        0x1 ./src/sys.o
                0x200007bc                lcdEnable

.bss._ZZ15SysTick_HandlerE3cnt
                0x200007be        0x2 load address 0x080078c6
 .bss._ZZ15SysTick_HandlerE3cnt
                0x200007be        0x2 ./src/sys.o

._usrstack      0x200007c0      0x100 load address 0x080078c8
                0x200007c0                . = ALIGN (0x4)
                0x200007c0                _susrstack = .
                0x200008c0                . = (. + _Minimum_Stack_Size)
 *fill*         0x200007c0      0x100 00
                0x200008c0                . = ALIGN (0x4)
                0x200008c0                _eusrstack = .

.b1text
 *(.b1text)
 *(.b1rodata)
 *(.b1rodata*)

.eb0text
 *(.eb0text)
 *(.eb0rodata)
 *(.eb0rodata*)

.eb1text
 *(.eb1text)
 *(.eb1rodata)
 *(.eb1rodata*)

.eb2text
 *(.eb2text)
 *(.eb2rodata)
 *(.eb2rodata*)

.eb3text
 *(.eb3text)
 *(.eb3rodata)
 *(.eb3rodata*)

DISCARD
 libc.a(*)
 libm.a(*)
 libgcc.a(*)

.stab
 *(.stab)

.stabstr
 *(.stabstr)

.stab.excl
 *(.stab.excl)

.stab.exclstr
 *(.stab.exclstr)

.stab.index
 *(.stab.index)

.stab.indexstr
 *(.stab.indexstr)

.comment        0x00000000       0x70
 *(.comment)
 .comment       0x00000000       0x70 ./src/adc.o
                                 0x71 (size before relaxing)
 .comment       0x00000000       0x71 ./src/buttons.o
 .comment       0x00000000       0x71 ./src/ctrl.o
 .comment       0x00000000       0x71 ./src/lcd.o
 .comment       0x00000000       0x71 ./src/led.o
 .comment       0x00000000       0x71 ./src/main.o
 .comment       0x00000000       0x71 ./src/menu.o
 .comment       0x00000000       0x71 ./src/misc.o
 .comment       0x00000000       0x71 ./src/motor.o
 .comment       0x00000000       0x71 ./src/stm32f10x_adc.o
 .comment       0x00000000       0x71 ./src/stm32f10x_dma.o
 .comment       0x00000000       0x71 ./src/stm32f10x_gpio.o
 .comment       0x00000000       0x71 ./src/stm32f10x_rcc.o
 .comment       0x00000000       0x71 ./src/stm32f10x_spi.o
 .comment       0x00000000       0x71 ./src/stm32f10x_tim.o
 .comment       0x00000000       0x71 ./src/stm32f10x_usart.o
 .comment       0x00000000       0x71 ./src/sys.o
 .comment       0x00000000       0x71 ./src/system_stm32f10x.o

.ARM.attributes
                0x00000000       0x31
 .ARM.attributes
                0x00000000       0x33 ./src/adc.o
 .ARM.attributes
                0x00000033       0x33 ./src/buttons.o
 .ARM.attributes
                0x00000066       0x33 ./src/ctrl.o
 .ARM.attributes
                0x00000099       0x33 ./src/lcd.o
 .ARM.attributes
                0x000000cc       0x33 ./src/led.o
 .ARM.attributes
                0x000000ff       0x33 ./src/main.o
 .ARM.attributes
                0x00000132       0x33 ./src/menu.o
 .ARM.attributes
                0x00000165       0x33 ./src/misc.o
 .ARM.attributes
                0x00000198       0x33 ./src/motor.o
 .ARM.attributes
                0x000001cb       0x21 ./src/startup_stm32f10x_md.o
 .ARM.attributes
                0x000001ec       0x33 ./src/stm32f10x_adc.o
 .ARM.attributes
                0x0000021f       0x33 ./src/stm32f10x_dma.o
 .ARM.attributes
                0x00000252       0x33 ./src/stm32f10x_gpio.o
 .ARM.attributes
                0x00000285       0x33 ./src/stm32f10x_rcc.o
 .ARM.attributes
                0x000002b8       0x33 ./src/stm32f10x_spi.o
 .ARM.attributes
                0x000002eb       0x33 ./src/stm32f10x_tim.o
 .ARM.attributes
                0x0000031e       0x33 ./src/stm32f10x_usart.o
 .ARM.attributes
                0x00000351       0x33 ./src/sys.o
 .ARM.attributes
                0x00000384       0x33 ./src/system_stm32f10x.o
 .ARM.attributes
                0x000003b7       0x1d /home/jachu/elektronika/STM32/gcc-arm-none-eabi-4_6-2012q4/bin/../lib/gcc/arm-none-eabi/4.6.2/armv7-m/libgcc.a(_arm_addsubsf3.o)
 .ARM.attributes
                0x000003d4       0x1d /home/jachu/elektronika/STM32/gcc-arm-none-eabi-4_6-2012q4/bin/../lib/gcc/arm-none-eabi/4.6.2/armv7-m/libgcc.a(_arm_muldivsf3.o)
 .ARM.attributes
                0x000003f1       0x1d /home/jachu/elektronika/STM32/gcc-arm-none-eabi-4_6-2012q4/bin/../lib/gcc/arm-none-eabi/4.6.2/armv7-m/libgcc.a(_arm_cmpsf2.o)
 .ARM.attributes
                0x0000040e       0x1d /home/jachu/elektronika/STM32/gcc-arm-none-eabi-4_6-2012q4/bin/../lib/gcc/arm-none-eabi/4.6.2/armv7-m/libgcc.a(_arm_fixsfsi.o)
 .ARM.attributes
                0x0000042b       0x1d /home/jachu/elektronika/STM32/gcc-arm-none-eabi-4_6-2012q4/bin/../lib/gcc/arm-none-eabi/4.6.2/armv7-m/libgcc.a(_arm_fixunssfsi.o)
 .ARM.attributes
                0x00000448       0x2d /home/jachu/elektronika/STM32/gcc-arm-none-eabi-4_6-2012q4/bin/../lib/gcc/arm-none-eabi/4.6.2/../../../../arm-none-eabi/lib/armv7-m/libg.a(lib_a-memcpy.o)
 .ARM.attributes
                0x00000475       0x2d /home/jachu/elektronika/STM32/gcc-arm-none-eabi-4_6-2012q4/bin/../lib/gcc/arm-none-eabi/4.6.2/../../../../arm-none-eabi/lib/armv7-m/libg.a(lib_a-memset.o)
 .ARM.attributes
                0x000004a2       0x2d /home/jachu/elektronika/STM32/gcc-arm-none-eabi-4_6-2012q4/bin/../lib/gcc/arm-none-eabi/4.6.2/../../../../arm-none-eabi/lib/armv7-m/libg.a(lib_a-strcpy.o)

.debug
 *(.debug)

.line
 *(.line)

.debug_srcinfo
 *(.debug_srcinfo)

.debug_sfnames
 *(.debug_sfnames)

.debug_aranges  0x00000000      0x450
 *(.debug_aranges)
 .debug_aranges
                0x00000000       0x40 ./src/adc.o
 .debug_aranges
                0x00000040       0x20 ./src/buttons.o
 .debug_aranges
                0x00000060       0x48 ./src/ctrl.o
 .debug_aranges
                0x000000a8       0xa8 ./src/lcd.o
 .debug_aranges
                0x00000150       0x38 ./src/led.o
 .debug_aranges
                0x00000188       0x28 ./src/main.o
 .debug_aranges
                0x000001b0       0x40 ./src/menu.o
 .debug_aranges
                0x000001f0       0x20 ./src/misc.o
 .debug_aranges
                0x00000210       0x98 ./src/motor.o
 .debug_aranges
                0x000002a8       0x28 ./src/startup_stm32f10x_md.o
 .debug_aranges
                0x000002d0       0x20 ./src/stm32f10x_adc.o
 .debug_aranges
                0x000002f0       0x20 ./src/stm32f10x_dma.o
 .debug_aranges
                0x00000310       0x20 ./src/stm32f10x_gpio.o
 .debug_aranges
                0x00000330       0x20 ./src/stm32f10x_rcc.o
 .debug_aranges
                0x00000350       0x20 ./src/stm32f10x_spi.o
 .debug_aranges
                0x00000370       0x20 ./src/stm32f10x_tim.o
 .debug_aranges
                0x00000390       0x20 ./src/stm32f10x_usart.o
 .debug_aranges
                0x000003b0       0x80 ./src/sys.o
 .debug_aranges
                0x00000430       0x20 ./src/system_stm32f10x.o

.debug_pubnames
 *(.debug_pubnames)

.debug_info     0x00000000     0x9c2a
 *(.debug_info .gnu.linkonce.wi.*)
 .debug_info    0x00000000      0x7e7 ./src/adc.o
 .debug_info    0x000007e7      0x126 ./src/buttons.o
 .debug_info    0x0000090d      0x919 ./src/ctrl.o
 .debug_info    0x00001226      0xda9 ./src/lcd.o
 .debug_info    0x00001fcf      0x2ce ./src/led.o
 .debug_info    0x0000229d      0x19b ./src/main.o
 .debug_info    0x00002438      0x3e4 ./src/menu.o
 .debug_info    0x0000281c      0x54a ./src/misc.o
 .debug_info    0x00002d66      0xd4b ./src/motor.o
 .debug_info    0x00003ab1       0x6a ./src/startup_stm32f10x_md.o
 .debug_info    0x00003b1b      0xc12 ./src/stm32f10x_adc.o
 .debug_info    0x0000472d      0x4a6 ./src/stm32f10x_dma.o
 .debug_info    0x00004bd3      0x727 ./src/stm32f10x_gpio.o
 .debug_info    0x000052fa      0x905 ./src/stm32f10x_rcc.o
 .debug_info    0x00005bff      0x975 ./src/stm32f10x_spi.o
 .debug_info    0x00006574     0x1e1c ./src/stm32f10x_tim.o
 .debug_info    0x00008390      0xa70 ./src/stm32f10x_usart.o
 .debug_info    0x00008e00      0x986 ./src/sys.o
 .debug_info    0x00009786      0x4a4 ./src/system_stm32f10x.o

.debug_abbrev   0x00000000     0x1abd
 *(.debug_abbrev)
 .debug_abbrev  0x00000000      0x174 ./src/adc.o
 .debug_abbrev  0x00000174       0x99 ./src/buttons.o
 .debug_abbrev  0x0000020d      0x1ad ./src/ctrl.o
 .debug_abbrev  0x000003ba      0x245 ./src/lcd.o
 .debug_abbrev  0x000005ff      0x115 ./src/led.o
 .debug_abbrev  0x00000714       0xfa ./src/main.o
 .debug_abbrev  0x0000080e      0x15d ./src/menu.o
 .debug_abbrev  0x0000096b      0x137 ./src/misc.o
 .debug_abbrev  0x00000aa2      0x20d ./src/motor.o
 .debug_abbrev  0x00000caf       0x12 ./src/startup_stm32f10x_md.o
 .debug_abbrev  0x00000cc1      0x176 ./src/stm32f10x_adc.o
 .debug_abbrev  0x00000e37      0x150 ./src/stm32f10x_dma.o
 .debug_abbrev  0x00000f87      0x1a6 ./src/stm32f10x_gpio.o
 .debug_abbrev  0x0000112d      0x193 ./src/stm32f10x_rcc.o
 .debug_abbrev  0x000012c0      0x15f ./src/stm32f10x_spi.o
 .debug_abbrev  0x0000141f      0x174 ./src/stm32f10x_tim.o
 .debug_abbrev  0x00001593      0x15d ./src/stm32f10x_usart.o
 .debug_abbrev  0x000016f0      0x24d ./src/sys.o
 .debug_abbrev  0x0000193d      0x180 ./src/system_stm32f10x.o

.debug_line     0x00000000     0x5ed4
 *(.debug_line)
 .debug_line    0x00000000      0x364 ./src/adc.o
 .debug_line    0x00000364      0x463 ./src/buttons.o
 .debug_line    0x000007c7      0x72a ./src/ctrl.o
 .debug_line    0x00000ef1      0x90c ./src/lcd.o
 .debug_line    0x000017fd      0x2c5 ./src/led.o
 .debug_line    0x00001ac2      0x4bd ./src/main.o
 .debug_line    0x00001f7f      0x4b5 ./src/menu.o
 .debug_line    0x00002434      0x44d ./src/misc.o
 .debug_line    0x00002881      0x641 ./src/motor.o
 .debug_line    0x00002ec2       0x72 ./src/startup_stm32f10x_md.o
 .debug_line    0x00002f34      0x57e ./src/stm32f10x_adc.o
 .debug_line    0x000034b2      0x4b5 ./src/stm32f10x_dma.o
 .debug_line    0x00003967      0x501 ./src/stm32f10x_gpio.o
 .debug_line    0x00003e68      0x55f ./src/stm32f10x_rcc.o
 .debug_line    0x000043c7      0x51d ./src/stm32f10x_spi.o
 .debug_line    0x000048e4      0x82b ./src/stm32f10x_tim.o
 .debug_line    0x0000510f      0x54e ./src/stm32f10x_usart.o
 .debug_line    0x0000565d      0x630 ./src/sys.o
 .debug_line    0x00005c8d      0x247 ./src/system_stm32f10x.o

.debug_frame    0x00000000     0x2560
 *(.debug_frame)
 .debug_frame   0x00000000       0xa8 ./src/adc.o
 .debug_frame   0x000000a8       0x2c ./src/buttons.o
 .debug_frame   0x000000d4       0xd0 ./src/ctrl.o
 .debug_frame   0x000001a4      0x234 ./src/lcd.o
 .debug_frame   0x000003d8       0x90 ./src/led.o
 .debug_frame   0x00000468       0x4c ./src/main.o
 .debug_frame   0x000004b4       0xa8 ./src/menu.o
 .debug_frame   0x0000055c       0x9c ./src/misc.o
 .debug_frame   0x000005f8      0x1f0 ./src/motor.o
 .debug_frame   0x000007e8      0x404 ./src/stm32f10x_adc.o
 .debug_frame   0x00000bec      0x144 ./src/stm32f10x_dma.o
 .debug_frame   0x00000d30      0x210 ./src/stm32f10x_gpio.o
 .debug_frame   0x00000f40      0x394 ./src/stm32f10x_rcc.o
 .debug_frame   0x000012d4      0x29c ./src/stm32f10x_spi.o
 .debug_frame   0x00001570      0xa20 ./src/stm32f10x_tim.o
 .debug_frame   0x00001f90      0x344 ./src/stm32f10x_usart.o
 .debug_frame   0x000022d4      0x194 ./src/sys.o
 .debug_frame   0x00002468       0x80 ./src/system_stm32f10x.o
 .debug_frame   0x000024e8       0x2c /home/jachu/elektronika/STM32/gcc-arm-none-eabi-4_6-2012q4/bin/../lib/gcc/arm-none-eabi/4.6.2/../../../../arm-none-eabi/lib/armv7-m/libg.a(lib_a-memcpy.o)
 .debug_frame   0x00002514       0x2c /home/jachu/elektronika/STM32/gcc-arm-none-eabi-4_6-2012q4/bin/../lib/gcc/arm-none-eabi/4.6.2/../../../../arm-none-eabi/lib/armv7-m/libg.a(lib_a-memset.o)
 .debug_frame   0x00002540       0x20 /home/jachu/elektronika/STM32/gcc-arm-none-eabi-4_6-2012q4/bin/../lib/gcc/arm-none-eabi/4.6.2/../../../../arm-none-eabi/lib/armv7-m/libg.a(lib_a-strcpy.o)

.debug_str      0x00000000     0x3467
 *(.debug_str)
 .debug_str     0x00000000      0x812 ./src/adc.o
                                0x8f5 (size before relaxing)
 .debug_str     0x00000812       0x52 ./src/buttons.o
                                0x156 (size before relaxing)
 .debug_str     0x00000864      0x22b ./src/ctrl.o
                                0x640 (size before relaxing)
 .debug_str     0x00000a8f      0x42d ./src/lcd.o
                                0xbda (size before relaxing)
 .debug_str     0x00000ebc       0x69 ./src/led.o
                                0x324 (size before relaxing)
 .debug_str     0x00000f25       0x3c ./src/main.o
                                0x185 (size before relaxing)
 .debug_str     0x00000f61      0x189 ./src/menu.o
                                0x2f7 (size before relaxing)
 .debug_str     0x000010ea      0x1a8 ./src/misc.o
                                0x35b (size before relaxing)
 .debug_str     0x00001292      0x4ca ./src/motor.o
                                0xbf3 (size before relaxing)
 .debug_str     0x0000175c      0x453 ./src/stm32f10x_adc.o
                                0x693 (size before relaxing)
 .debug_str     0x00001baf      0x115 ./src/stm32f10x_dma.o
                                0x359 (size before relaxing)
 .debug_str     0x00001cc4      0x235 ./src/stm32f10x_gpio.o
                                0x4b1 (size before relaxing)
 .debug_str     0x00001ef9      0x423 ./src/stm32f10x_rcc.o
                                0x5b2 (size before relaxing)
 .debug_str     0x0000231c      0x28e ./src/stm32f10x_spi.o
                                0x595 (size before relaxing)
 .debug_str     0x000025aa      0x94b ./src/stm32f10x_tim.o
                                0xd75 (size before relaxing)
 .debug_str     0x00002ef5      0x378 ./src/stm32f10x_usart.o
                                0x628 (size before relaxing)
 .debug_str     0x0000326d      0x17f ./src/sys.o
                                0x67d (size before relaxing)
 .debug_str     0x000033ec       0x7b ./src/system_stm32f10x.o
                                0x278 (size before relaxing)

.debug_loc      0x00000000     0x44e4
 *(.debug_loc)
 .debug_loc     0x00000000       0xf6 ./src/adc.o
 .debug_loc     0x000000f6       0x38 ./src/buttons.o
 .debug_loc     0x0000012e      0x156 ./src/ctrl.o
 .debug_loc     0x00000284      0x3c2 ./src/lcd.o
 .debug_loc     0x00000646       0xe0 ./src/led.o
 .debug_loc     0x00000726       0x70 ./src/main.o
 .debug_loc     0x00000796      0x10c ./src/menu.o
 .debug_loc     0x000008a2      0x118 ./src/misc.o
 .debug_loc     0x000009ba      0x36a ./src/motor.o
 .debug_loc     0x00000d24      0x7d4 ./src/stm32f10x_adc.o
 .debug_loc     0x000014f8      0x268 ./src/stm32f10x_dma.o
 .debug_loc     0x00001760      0x3e4 ./src/stm32f10x_gpio.o
 .debug_loc     0x00001b44      0x6dc ./src/stm32f10x_rcc.o
 .debug_loc     0x00002220      0x508 ./src/stm32f10x_spi.o
 .debug_loc     0x00002728     0x13e8 ./src/stm32f10x_tim.o
 .debug_loc     0x00003b10      0x658 ./src/stm32f10x_usart.o
 .debug_loc     0x00004168      0x2b4 ./src/sys.o
 .debug_loc     0x0000441c       0xc8 ./src/system_stm32f10x.o

.debug_macinfo  0x00000000   0x5562ac
 *(.debug_macinfo)
 .debug_macinfo
                0x00000000    0x3d124 ./src/adc.o
 .debug_macinfo
                0x0003d124    0x50ea9 ./src/buttons.o
 .debug_macinfo
                0x0008dfcd    0x53cab ./src/ctrl.o
 .debug_macinfo
                0x000e1c78    0x52fc2 ./src/lcd.o
 .debug_macinfo
                0x00134c3a    0x38549 ./src/led.o
 .debug_macinfo
                0x0016d183    0x51480 ./src/main.o
 .debug_macinfo
                0x001be603    0x38679 ./src/menu.o
 .debug_macinfo
                0x001f6c7c    0x50dcc ./src/misc.o
 .debug_macinfo
                0x00247a48    0x50f88 ./src/motor.o
 .debug_macinfo
                0x002989d0    0x51433 ./src/stm32f10x_adc.o
 .debug_macinfo
                0x002e9e03    0x5128f ./src/stm32f10x_dma.o
 .debug_macinfo
                0x0033b092    0x50ffb ./src/stm32f10x_gpio.o
 .debug_macinfo
                0x0038c08d    0x51532 ./src/stm32f10x_rcc.o
 .debug_macinfo
                0x003dd5bf    0x5101f ./src/stm32f10x_spi.o
 .debug_macinfo
                0x0042e5de    0x50e29 ./src/stm32f10x_tim.o
 .debug_macinfo
                0x0047f407    0x511b6 ./src/stm32f10x_usart.o
 .debug_macinfo
                0x004d05bd    0x51679 ./src/sys.o
 .debug_macinfo
                0x00521c36    0x34676 ./src/system_stm32f10x.o

.debug_weaknames
 *(.debug_weaknames)

.debug_funcnames
 *(.debug_funcnames)

.debug_typenames
 *(.debug_typenames)

.debug_varnames
 *(.debug_varnames)
OUTPUT(Sumo_STM.elf elf32-littlearm)

.debug_ranges   0x00000000      0x298
 .debug_ranges  0x00000000       0x30 ./src/adc.o
 .debug_ranges  0x00000030       0x10 ./src/buttons.o
 .debug_ranges  0x00000040       0x38 ./src/ctrl.o
 .debug_ranges  0x00000078       0x98 ./src/lcd.o
 .debug_ranges  0x00000110       0x28 ./src/led.o
 .debug_ranges  0x00000138       0x18 ./src/main.o
 .debug_ranges  0x00000150       0x30 ./src/menu.o
 .debug_ranges  0x00000180       0x88 ./src/motor.o
 .debug_ranges  0x00000208       0x20 ./src/startup_stm32f10x_md.o
 .debug_ranges  0x00000228       0x70 ./src/sys.o
